// Jest Snapshot v1, https://goo.gl/fbAQLP

exports[`FadeIn should render 1`] = `
ShallowWrapper {
  "length": 1,
  Symbol(enzyme.__root__): [Circular],
  Symbol(enzyme.__unrendered__): <FadeIn
    duration={1}
    fillMode="both"
    infinite={false}
  >
    FadeIn
  </FadeIn>,
  Symbol(enzyme.__renderer__): Object {
    "batchedUpdates": [Function],
    "getNode": [Function],
    "render": [Function],
    "simulateEvent": [Function],
    "unmount": [Function],
  },
  Symbol(enzyme.__node__): Object {
    "instance": null,
    "key": undefined,
    "nodeType": "host",
    "props": Object {
      "children": "FadeIn",
      "style": Object {
        "WebkitAnimationDuration": "1s",
        "WebkitAnimationFillMode": "both",
        "WebkitAnimationName": "fadeIn",
        "animationDuration": "1s",
        "animationFillMode": "both",
        "animationName": "fadeIn",
      },
    },
    "ref": null,
    "rendered": "FadeIn",
    "type": "div",
  },
  Symbol(enzyme.__nodes__): Array [
    Object {
      "instance": null,
      "key": undefined,
      "nodeType": "host",
      "props": Object {
        "children": "FadeIn",
        "style": Object {
          "WebkitAnimationDuration": "1s",
          "WebkitAnimationFillMode": "both",
          "WebkitAnimationName": "fadeIn",
          "animationDuration": "1s",
          "animationFillMode": "both",
          "animationName": "fadeIn",
        },
      },
      "ref": null,
      "rendered": "FadeIn",
      "type": "div",
    },
  ],
  Symbol(enzyme.__options__): Object {
    "adapter": ReactSixteenAdapter {
      "options": Object {
        "enableComponentDidUpdateOnSetState": true,
      },
    },
  },
}
`;
